2026-08-20 23:16:02 [D] === arranca driver. Tareas: 1 2 3 4 5 6
2026-08-20 23:16:02 [D] --- Task 1 (fallos=0, esperas=0)
2026-08-20 23:18:15 [D] Task 1 OK
Task 1 completada: `dominioY` ya ensancha el dominio cuando el rango es plano (un solo día o valores iguales), sin salirse de 0-100. 19/19 tests de frontend en verde. Commit local `c49e9c7` creado y `docs/ESTADO.md` actualizado. No se tocó nada fuera del ámbito de Task 1.
remote: 
remote: Create a pull request for 'track-d-cierre' on GitHub by visiting:        
remote:      https://github.com/P1p2gamer26/Asistencia_GABO/pull/new/track-d-cierre        
remote: 
To https://github.com/P1p2gamer26/Asistencia_GABO.git
 * [new branch]      track-d-cierre -> track-d-cierre
branch 'track-d-cierre' set up to track 'origin/track-d-cierre'.
2026-08-20 23:18:17 [D] rama track-d-cierre respaldada en origin
2026-08-20 23:18:17 [D] --- Task 2 (fallos=0, esperas=0)
2026-08-20 23:19:50 [D] Task 2 OK
Task 2 done: `Home.tsx` now shows the "Consultas" link for docentes and adds a "Tablero" link for coordinación/admin. Build passes; committed. Manual role-by-role verification (Step 3) wasn't run since it needs a live backend + dev server — noted in `docs/ESTADO.md`.
To https://github.com/P1p2gamer26/Asistencia_GABO.git
   c49e9c7..31aac8a  track-d-cierre -> track-d-cierre
branch 'track-d-cierre' set up to track 'origin/track-d-cierre'.
2026-08-20 23:19:52 [D] rama track-d-cierre respaldada en origin
2026-08-20 23:19:52 [D] --- Task 3 (fallos=0, esperas=0)
2026-08-20 23:20:15 [D] Cuota agotada. El mensaje dice que se renueva en 251 min; espero hasta entonces.
You've hit your session limit · resets 3:30am (America/Bogota)
2026-08-21 03:32:00 [D] --- Task 3 (fallos=0, esperas=1)
2026-08-21 03:34:03 [D] === arranca driver. Tareas: 1 2 3 4 5 6
2026-08-21 03:34:03 [D] Task 1 ya estaba hecha, la salto
2026-08-21 03:34:04 [D] Task 2 ya estaba hecha, la salto
2026-08-21 03:34:04 [D] --- Task 3 (fallos=0, esperas=0)
2026-08-21 03:35:04 [D] Task 3 OK
Task 3 done: `SpaConfig` forwards SPA routes to `/index.html`, and `SecurityConfig` now permits unauthenticated access to non-`/api` routes (needed since `anyRequest().authenticated()` was blocking with 401 before the forward could apply). All 45 backend tests pass. Committed locally, no push.
To https://github.com/P1p2gamer26/Asistencia_GABO.git
   31aac8a..b5827ae  track-d-cierre -> track-d-cierre
branch 'track-d-cierre' set up to track 'origin/track-d-cierre'.
2026-08-21 03:35:05 [D] rama track-d-cierre respaldada en origin
2026-08-21 03:35:05 [D] --- Task 4 (fallos=0, esperas=0)
